
  Settling 3 pending pick(s)...

  Checking scores for 2026-05-16...
Traceback (most recent call last):
  File "C:\Users\dturr\OneDrive\Desktop\Sports betting algo\tracker.py", line 475, in <module>
    main()
    ~~~~^^
  File "C:\Users\dturr\OneDrive\Desktop\Sports betting algo\tracker.py", line 462, in main
    if args.settle:  settle_picks()
                     ~~~~~~~~~~~~^^
  File "C:\Users\dturr\OneDrive\Desktop\Sports betting algo\tracker.py", line 284, in settle_picks
    print(f"  {icon}: {team} | Score: {away} {away_score} @ {home} {home_score}")
    ~~~~~^^^^^^^^^^^^^^^^^^^^^^^^^^^^^^^^^^^^^^^^^^^^^^^^^^^^^^^^^^^^^^^^^^^^^^^^
  File "C:\Users\dturr\AppData\Local\Programs\Python\Python314\Lib\encodings\cp1252.py", line 19, in encode
    return codecs.charmap_encode(input,self.errors,encoding_table)[0]
           ~~~~~~~~~~~~~~~~~~~~~^^^^^^^^^^^^^^^^^^^^^^^^^^^^^^^^^^
UnicodeEncodeError: 'charmap' codec can't encode character '\u2713' in position 2: character maps to <undefined>

  Results pushed to exports\results.json
  Record: 0-0 | Win Rate: 0.0% | ROI: +0.0%


=======================================================
  THE DAILY DEGENERATE — RESULTS TRACKER
=======================================================

  OVERALL RECORD
Traceback (most recent call last):
  File "C:\Users\dturr\OneDrive\Desktop\Sports betting algo\tracker.py", line 475, in <module>
    main()
    ~~~~^^
  File "C:\Users\dturr\OneDrive\Desktop\Sports betting algo\tracker.py", line 464, in main
    if args.summary: print_summary()
                     ~~~~~~~~~~~~~^^
  File "C:\Users\dturr\OneDrive\Desktop\Sports betting algo\tracker.py", line 330, in print_summary
    print(f"  {'\u2500'*40}")
    ~~~~~^^^^^^^^^^^^^^^
  File "C:\Users\dturr\AppData\Local\Programs\Python\Python314\Lib\encodings\cp1252.py", line 19, in encode
    return codecs.charmap_encode(input,self.errors,encoding_table)[0]
           ~~~~~~~~~~~~~~~~~~~~~^^^^^^^^^^^^^^^^^^^^^^^^^^^^^^^^^^
UnicodeEncodeError: 'charmap' codec can't encode characters in position 2-41: character maps to <undefined>
[main-fixed ce89c50] Settle results 2026-05-17
 1 file changed, 48 insertions(+), 2 deletions(-)
Everything up-to-date

=======================================================
  THE DAILY DEGENERATE — NIGHTLY SETTLE
  Sunday, May 17 2026 — 09:27 AM
=======================================================

  Step 1/3 — Checking MLB scores...

  Step 2/3 — Updating dashboard results...

  Step 3/3 — Printing record...

  Pushing to GitHub...
Traceback (most recent call last):
  File "C:\Users\dturr\OneDrive\Desktop\Sports betting algo\daily.py", line 124, in <module>
    main()
    ~~~~^^
  File "C:\Users\dturr\OneDrive\Desktop\Sports betting algo\daily.py", line 119, in main
    nightly_settle()
    ~~~~~~~~~~~~~~^^
  File "C:\Users\dturr\OneDrive\Desktop\Sports betting algo\daily.py", line 99, in nightly_settle
    git_push(f"Settle results {today}")
    ~~~~~~~~^^^^^^^^^^^^^^^^^^^^^^^^^^^
  File "C:\Users\dturr\OneDrive\Desktop\Sports betting algo\daily.py", line 28, in git_push
    print("  \u2713 Dashboard updated on GitHub")
    ~~~~~^^^^^^^^^^^^^^^^^^^^^^^^^^^^^^^^^^^
  File "C:\Users\dturr\AppData\Local\Programs\Python\Python314\Lib\encodings\cp1252.py", line 19, in encode
    return codecs.charmap_encode(input,self.errors,encoding_table)[0]
           ~~~~~~~~~~~~~~~~~~~~~^^^^^^^^^^^^^^^^^^^^^^^^^^^^^^^^^^
UnicodeEncodeError: 'charmap' codec can't encode character '\u2713' in position 2: character maps to <undefined>
